// Jest Snapshot v1, https://goo.gl/fbAQLP

exports[`ColorDisplay component renders ColorDisplay 1`] = `
<section
  style={
    Object {
      "backgroundColor": "lightskyblue",
      "height": "500px",
      "width": "500px",
    }
  }
>
  <p
    style={
      Object {
        "color": "red",
      }
    }
  >
    test
  </p>
</section>
`;
